[goicuocviettel.xyz/indexa86a.html]
[goicuocviettel.xyz/wp-content/litespeed/css/370db1d6d1db25ca0d374de5e493d7da261b.css]
[goicuocviettel.xyz/xmlrpc.php]
[backblue.gif]
[fade.gif]
[index.html]
[goicuocviettel.xyz/feed/index.html]
[goicuocviettel.xyz/wp-json/wp/v2/pages/8.json]
[goicuocviettel.xyz/comments/feed/index.html]
[goicuocviettel.xyz/xmlrpc0db0.php]
[goicuocviettel.xyz/wp-json/index.html]
[goicuocviettel.xyz/wp-json/oembed/1.0/embedff22.json]
[goicuocviettel.xyz/wp-json/oembed/1.0/embedba1a]
[goicuocviettel.xyz/wp-content/uploads/2024/10/cropped-bieutuong-32x32.png]
[goicuocviettel.xyz/wp-content/uploads/2024/10/cropped-bieutuong-192x192.png]
[goicuocviettel.xyz/wp-content/uploads/2024/10/cropped-bieutuong-180x180.png]
[goicuocviettel.xyz/index.html]
[s10.histats.com/js15_as.js]
[sstatic1.histats.com/00d28.gif]
[goicuocviettel.xyz/wp-content/uploads/2024/11/icon1.webp]
[goicuocviettel.xyz/goi-cuoc-sd135-viettel/index.html]
[goicuocviettel.xyz/goi-cuoc-5g150-viettel/index.html]
[goicuocviettel.xyz/wp-content/uploads/2024/11/icon2.png]
[goicuocviettel.xyz/wp-content/uploads/2024/11/icon4.webp]
[goicuocviettel.xyz/goi-cuoc-mxh120-viettel/index.html]
[goicuocviettel.xyz/goi-cuoc-mxh100-viettel/index.html]
[goicuocviettel.xyz/wp-content/uploads/2024/11/icon3.webp]
[goicuocviettel.xyz/goi-cuoc-sd90-viettel/index.html]
[goicuocviettel.xyz/goi-cuoc-sd120-viettel/index.html]
[goicuocviettel.xyz/goi-cuoc-st70k-viettel/index.html]
[goicuocviettel.xyz/goi-cuoc-st120k-viettel/index.html]
[goicuocviettel.xyz/wp-loginc4d6.html]
[goicuocviettel.xyz/goi-cuoc-12sd70-viettel/index.html]
[goicuocviettel.xyz/goi-cuoc-6sd70-viettel/index.html]
[goicuocviettel.xyz/goi-cuoc-6sd90-viettel/index.html]
[goicuocviettel.xyz/cdn-cgi/l/email-protection.html]
[goicuocviettel.xyz/goi-cuoc-12sd90-viettel/index.html]
[goicuocviettel.xyz/goi-cuoc-6mxh100-viettel/index.html]
[goicuocviettel.xyz/goi-cuoc-6mxh120-viettel/index.html]
[goicuocviettel.xyz/cdn-cgi/scripts/5c5dd728/cloudflare-static/email-decode.min.js]
[goicuocviettel.xyz/wp-content/plugins/litespeed-cache/guest.vary.php]
[goicuocviettel.xyz/indexa86a.html]
[goicuocviettel.xyz/goi-cuoc-5g135-viettel/index.html]
[goicuocviettel.xyz/goi-cuoc-12mxh120-viettel/index.html]
[goicuocviettel.xyz/goi-cuoc-12mxh100-viettel/index.html]
[goicuocviettel.xyz/goi-cuoc-30n-viettel/index.html]
[goicuocviettel.xyz/goi-cuoc-5g230b-viettel/index.html]
[goicuocviettel.xyz/goi-cuoc-5g280b-viettel/index.html]
[goicuocviettel.xyz/goi-cuoc-5g330b-viettel/index.html]
[goicuocviettel.xyz/goi-cuoc-5glq190-viettel/index.html]
[goicuocviettel.xyz/goi-cuoc-5glq210-viettel/index.html]
[goicuocviettel.xyz/goi-cuoc-v90b-viettel/index.html]
[goicuocviettel.xyz/goi-cuoc-v120b-viettel/index.html]
[goicuocviettel.xyz/goi-cuoc-v90c-viettel/index.html]
[goicuocviettel.xyz/wp-content/themes/flatsome/assets/img/shadow@2x.png]
[goicuocviettel.xyz/lost-password/index.html]
[goicuocviettel.xyz/wp-content/themes/flatsome/assets/img/underline.png]
[goicuocviettel.xyz/wp-content/themes/flatsome-child/fonts/open-sans-v17-cyrillic_vietnamese_latin_greek-300.eot]
[goicuocviettel.xyz/wp-content/themes/flatsome-child/fonts/open-sans-v17-cyrillic_vietnamese_latin_greek-300d41d.eot]
[goicuocviettel.xyz/wp-content/themes/flatsome-child/fonts/open-sans-v17-cyrillic_vietnamese_latin_greek-300.woff2]
[goicuocviettel.xyz/wp-content/themes/flatsome-child/fonts/open-sans-v17-cyrillic_vietnamese_latin_greek-300.woff]
[goicuocviettel.xyz/wp-content/themes/flatsome-child/fonts/open-sans-v17-cyrillic_vietnamese_latin_greek-300.ttf]
[goicuocviettel.xyz/wp-content/themes/flatsome-child/fonts/open-sans-v17-cyrillic_vietnamese_latin_greek-300.svg]
[goicuocviettel.xyz/wp-content/themes/flatsome-child/fonts/open-sans-v17-cyrillic_vietnamese_latin_greek-300italic.eot]
[goicuocviettel.xyz/wp-content/themes/flatsome-child/fonts/open-sans-v17-cyrillic_vietnamese_latin_greek-300italicd41d.eot]
[goicuocviettel.xyz/wp-content/themes/flatsome-child/fonts/open-sans-v17-cyrillic_vietnamese_latin_greek-300italic.woff2]
[goicuocviettel.xyz/wp-content/themes/flatsome-child/fonts/open-sans-v17-cyrillic_vietnamese_latin_greek-300italic.woff]
[goicuocviettel.xyz/wp-content/themes/flatsome-child/fonts/open-sans-v17-cyrillic_vietnamese_latin_greek-300italic.ttf]
[goicuocviettel.xyz/wp-content/themes/flatsome-child/fonts/open-sans-v17-cyrillic_vietnamese_latin_greek-300italic.svg]
[goicuocviettel.xyz/wp-content/themes/flatsome-child/fonts/open-sans-v17-cyrillic_vietnamese_latin_greek-regular.eot]
[goicuocviettel.xyz/wp-content/themes/flatsome-child/fonts/open-sans-v17-cyrillic_vietnamese_latin_greek-regulard41d.eot]
[goicuocviettel.xyz/wp-content/themes/flatsome-child/fonts/open-sans-v17-cyrillic_vietnamese_latin_greek-regular.woff2]
[goicuocviettel.xyz/wp-content/themes/flatsome-child/fonts/open-sans-v17-cyrillic_vietnamese_latin_greek-regular.woff]
[goicuocviettel.xyz/wp-content/themes/flatsome-child/fonts/open-sans-v17-cyrillic_vietnamese_latin_greek-regular.ttf]
[goicuocviettel.xyz/wp-content/themes/flatsome-child/fonts/open-sans-v17-cyrillic_vietnamese_latin_greek-regular.svg]
[goicuocviettel.xyz/wp-content/themes/flatsome-child/fonts/open-sans-v17-cyrillic_vietnamese_latin_greek-italic.eot]
[goicuocviettel.xyz/wp-content/themes/flatsome-child/fonts/open-sans-v17-cyrillic_vietnamese_latin_greek-italicd41d.eot]
[goicuocviettel.xyz/wp-content/themes/flatsome-child/fonts/open-sans-v17-cyrillic_vietnamese_latin_greek-italic.woff2]
[goicuocviettel.xyz/wp-content/themes/flatsome-child/fonts/open-sans-v17-cyrillic_vietnamese_latin_greek-italic.woff]
[goicuocviettel.xyz/wp-content/themes/flatsome-child/fonts/open-sans-v17-cyrillic_vietnamese_latin_greek-italic.ttf]
[goicuocviettel.xyz/wp-content/themes/flatsome-child/fonts/open-sans-v17-cyrillic_vietnamese_latin_greek-italic.svg]
[goicuocviettel.xyz/wp-content/themes/flatsome-child/fonts/open-sans-v17-cyrillic_vietnamese_latin_greek-600.eot]
[goicuocviettel.xyz/wp-content/themes/flatsome-child/fonts/open-sans-v17-cyrillic_vietnamese_latin_greek-600d41d.eot]
[goicuocviettel.xyz/wp-content/themes/flatsome-child/fonts/open-sans-v17-cyrillic_vietnamese_latin_greek-600.woff2]
[goicuocviettel.xyz/wp-content/themes/flatsome-child/fonts/open-sans-v17-cyrillic_vietnamese_latin_greek-600.woff]
[goicuocviettel.xyz/wp-content/themes/flatsome-child/fonts/open-sans-v17-cyrillic_vietnamese_latin_greek-600.ttf]
[goicuocviettel.xyz/wp-content/themes/flatsome-child/fonts/open-sans-v17-cyrillic_vietnamese_latin_greek-600.svg]
[goicuocviettel.xyz/wp-content/themes/flatsome-child/fonts/open-sans-v17-cyrillic_vietnamese_latin_greek-600italic.eot]
[goicuocviettel.xyz/wp-content/themes/flatsome-child/fonts/open-sans-v17-cyrillic_vietnamese_latin_greek-600italicd41d.eot]
[goicuocviettel.xyz/wp-content/themes/flatsome-child/fonts/open-sans-v17-cyrillic_vietnamese_latin_greek-600italic.woff2]
[goicuocviettel.xyz/wp-content/themes/flatsome-child/fonts/open-sans-v17-cyrillic_vietnamese_latin_greek-600italic.woff]
[goicuocviettel.xyz/wp-content/themes/flatsome-child/fonts/open-sans-v17-cyrillic_vietnamese_latin_greek-600italic.ttf]
[goicuocviettel.xyz/wp-content/themes/flatsome-child/fonts/open-sans-v17-cyrillic_vietnamese_latin_greek-600italic.svg]
[goicuocviettel.xyz/wp-content/themes/flatsome-child/fonts/open-sans-v17-cyrillic_vietnamese_latin_greek-700italic.eot]
[goicuocviettel.xyz/wp-content/themes/flatsome-child/fonts/open-sans-v17-cyrillic_vietnamese_latin_greek-700italicd41d.eot]
[goicuocviettel.xyz/wp-content/themes/flatsome-child/fonts/open-sans-v17-cyrillic_vietnamese_latin_greek-700italic.woff2]
[goicuocviettel.xyz/wp-content/themes/flatsome-child/fonts/open-sans-v17-cyrillic_vietnamese_latin_greek-700italic.woff]
[goicuocviettel.xyz/wp-content/themes/flatsome-child/fonts/open-sans-v17-cyrillic_vietnamese_latin_greek-700italic.ttf]
[goicuocviettel.xyz/wp-content/themes/flatsome-child/fonts/open-sans-v17-cyrillic_vietnamese_latin_greek-700italic.svg]
[goicuocviettel.xyz/wp-content/themes/flatsome-child/fonts/open-sans-v17-cyrillic_vietnamese_latin_greek-800.eot]
[goicuocviettel.xyz/wp-content/themes/flatsome-child/fonts/open-sans-v17-cyrillic_vietnamese_latin_greek-800d41d.eot]
[goicuocviettel.xyz/wp-content/themes/flatsome-child/fonts/open-sans-v17-cyrillic_vietnamese_latin_greek-800.woff2]
[goicuocviettel.xyz/wp-content/themes/flatsome-child/fonts/open-sans-v17-cyrillic_vietnamese_latin_greek-800.woff]
[goicuocviettel.xyz/wp-content/themes/flatsome-child/fonts/open-sans-v17-cyrillic_vietnamese_latin_greek-800.ttf]
[goicuocviettel.xyz/wp-content/themes/flatsome-child/fonts/open-sans-v17-cyrillic_vietnamese_latin_greek-800.svg]
[goicuocviettel.xyz/wp-content/themes/flatsome-child/fonts/open-sans-v17-cyrillic_vietnamese_latin_greek-700.eot]
[goicuocviettel.xyz/wp-content/themes/flatsome-child/fonts/open-sans-v17-cyrillic_vietnamese_latin_greek-700d41d.eot]
[goicuocviettel.xyz/wp-content/themes/flatsome-child/fonts/open-sans-v17-cyrillic_vietnamese_latin_greek-700.woff2]
[goicuocviettel.xyz/wp-content/themes/flatsome-child/fonts/open-sans-v17-cyrillic_vietnamese_latin_greek-700.woff]
[goicuocviettel.xyz/wp-content/themes/flatsome-child/fonts/open-sans-v17-cyrillic_vietnamese_latin_greek-700.ttf]
[goicuocviettel.xyz/wp-content/themes/flatsome-child/fonts/open-sans-v17-cyrillic_vietnamese_latin_greek-700.svg]
[goicuocviettel.xyz/wp-content/themes/flatsome-child/fonts/open-sans-v17-cyrillic_vietnamese_latin_greek-800italic.eot]
[goicuocviettel.xyz/wp-content/themes/flatsome-child/fonts/open-sans-v17-cyrillic_vietnamese_latin_greek-800italicd41d.eot]
[goicuocviettel.xyz/wp-content/themes/flatsome-child/fonts/open-sans-v17-cyrillic_vietnamese_latin_greek-800italic.woff2]
[goicuocviettel.xyz/wp-content/themes/flatsome-child/fonts/open-sans-v17-cyrillic_vietnamese_latin_greek-800italic.woff]
[goicuocviettel.xyz/wp-content/themes/flatsome-child/fonts/open-sans-v17-cyrillic_vietnamese_latin_greek-800italic.ttf]
[goicuocviettel.xyz/wp-content/themes/flatsome-child/fonts/open-sans-v17-cyrillic_vietnamese_latin_greek-800italic.svg]
[goicuocviettel.xyz/wp-content/themes/flatsome-child/font-awesome/fonts/fontawesome-webfont3e6e.eot]
[goicuocviettel.xyz/wp-content/themes/flatsome-child/font-awesome/fonts/fontawesome-webfontd41d.eot]
[goicuocviettel.xyz/wp-content/themes/flatsome-child/font-awesome/fonts/fontawesome-webfont3e6e.woff2]
[goicuocviettel.xyz/wp-content/themes/flatsome-child/font-awesome/fonts/fontawesome-webfont3e6e.woff]
[goicuocviettel.xyz/wp-content/themes/flatsome-child/font-awesome/fonts/fontawesome-webfont3e6e.ttf]
[goicuocviettel.xyz/wp-content/themes/flatsome-child/font-awesome/fonts/fontawesome-webfont3e6e.svg]
[goicuocviettel.xyz/wp-includes/fonts/dashicons7d4b.eot]
[goicuocviettel.xyz/wp-includes/fonts/dashicons7d4b.ttf]
[goicuocviettel.xyz/wp-content/litespeed/css/370db1d6d1db25ca0d374de5e493d7da261b.css]
[goicuocviettel.xyz/xmlrpc.php]
[goicuocviettel.xyz/index.html]
[www.googletagmanager.com/gtm5445.html]
[goicuocviettel.xyz/wp-json/wp/v2/posts/1646]
[goicuocviettel.xyz/wp-json/oembed/1.0/embed5b4f]
[goicuocviettel.xyz/wp-json/oembed/1.0/embede9fa]
[goicuocviettel.xyz/index2648.html]
[goicuocviettel.xyz/wp-content/uploads/2024/11/dang-ky-sd135-viettel.jpg]
[goicuocviettel.xyz/wp-admin/customize1ef3.php]
[goicuocviettel.xyz/goi-cuoc-sd135-viettel/index.html]
[goicuocviettel.xyz/author/admin/index.html]
[goicuocviettel.xyz/chuyen-muc/goi-cuoc/index.html]
[goicuocviettel.xyz/wp-json/wp/v2/posts/1649.61.delayed]
[goicuocviettel.xyz/goi-cuoc-4g-5g-viettel/index.html]
[goicuocviettel.xyz/wp-json/oembed/1.0/embed0b08]
[goicuocviettel.xyz/index12a6.html]
[goicuocviettel.xyz/wp-json/oembed/1.0/embedd4d6]
[goicuocviettel.xyz/wp-content/uploads/2024/11/goi-cuoc-5g150-viettel-dy.jpg]
[goicuocviettel.xyz/wp-admin/customize8954.php]
[goicuocviettel.xyz/goi-cuoc-5g150-viettel/index.html]
[goicuocviettel.xyz/goi-cuoc-mxh100-viettel/index.html]
[goicuocviettel.xyz/wp-json/wp/v2/posts/1652]
[goicuocviettel.xyz/wp-json/oembed/1.0/embed379c]
[goicuocviettel.xyz/wp-json/oembed/1.0/embedf70b]
[goicuocviettel.xyz/wp-admin/customizea020.php]
[goicuocviettel.xyz/goi-cuoc-mxh120-viettel/index.html]
[goicuocviettel.xyz/goi-cuoc-sd90-viettel/index.html]
[goicuocviettel.xyz/goi-cuoc-sd120-viettel/index.html]
[goicuocviettel.xyz/goi-cuoc-st70k-viettel/index.html]
[goicuocviettel.xyz/goi-cuoc-st120k-viettel/index.html]
[goicuocviettel.xyz/goi-cuoc-6sd70-viettel/index.html]
[goicuocviettel.xyz/goi-cuoc-12sd70-viettel/index.html]
[goicuocviettel.xyz/goi-cuoc-6sd90-viettel/index.html]
[goicuocviettel.xyz/goi-cuoc-12sd90-viettel/index.html]
[goicuocviettel.xyz/goi-cuoc-6mxh100-viettel/index.html]
[goicuocviettel.xyz/goi-cuoc-6mxh120-viettel/index.html]
[goicuocviettel.xyz/goi-cuoc-12mxh100-viettel/index.html]
[goicuocviettel.xyz/goi-cuoc-12mxh120-viettel/index.html]
[goicuocviettel.xyz/goi-cuoc-30n-viettel/index.html]
[goicuocviettel.xyz/goi-cuoc-5g135-viettel/index.html]
[goicuocviettel.xyz/goi-cuoc-5g230b-viettel/index.html]
[goicuocviettel.xyz/goi-cuoc-5g280b-viettel/index.html]
[goicuocviettel.xyz/goi-cuoc-5g330b-viettel/index.html]
[goicuocviettel.xyz/goi-cuoc-5glq190-viettel/index.html]
[goicuocviettel.xyz/goi-cuoc-5glq210-viettel/index.html]
[goicuocviettel.xyz/goi-cuoc-v90b-viettel/index.html]
[goicuocviettel.xyz/goi-cuoc-v120b-viettel/index.html]
[goicuocviettel.xyz/goi-cuoc-v90c-viettel/index.html]
[goicuocviettel.xyz/index0d40.html]
[goicuocviettel.xyz/wp-includes/css/dashicons.min109c.css]
[goicuocviettel.xyz/wp-includes/css/buttons.min109c.css]
[goicuocviettel.xyz/wp-admin/css/forms.min109c.css]
[goicuocviettel.xyz/wp-admin/css/l10n.min109c.css]
[goicuocviettel.xyz/wp-admin/css/login.min109c.css]
[goicuocviettel.xyz/wp-includes/js/jquery/jquery.minf43b.js]
[goicuocviettel.xyz/wp-includes/js/jquery/jquery-migrate.min5589.js]
[goicuocviettel.xyz/wp-includes/js/zxcvbn-async.min5152.js]
[goicuocviettel.xyz/wp-includes/js/dist/hooks.min2757.js]
[goicuocviettel.xyz/wp-includes/js/dist/i18n.minc33c.js]
[goicuocviettel.xyz/wp-admin/js/password-strength-meter.min109c.js]
[goicuocviettel.xyz/wp-includes/js/underscore.mind584.js]
[goicuocviettel.xyz/wp-includes/js/wp-util.min109c.js]
[goicuocviettel.xyz/wp-admin/js/user-profile.min109c.js]
[goicuocviettel.xyz/wp-loginc4d6.html]
[goicuocviettel.xyz/cdn-cgi/l/email-protection.html]
[goicuocviettel.xyz/lost-password/index.html]
[goicuocviettel.xyz/wp-content/plugins/litespeed-cache/guest.vary.html]
[goicuocviettel.xyz/wp-content/themes/flatsome/assets/img/shadow@2x.html]
[goicuocviettel.xyz/wp-content/themes/flatsome/assets/img/underline.html]
[goicuocviettel.xyz/wp-content/themes/flatsome-child/fonts/open-sans-v17-cyrillic_vietnamese_latin_greek-300.html]
[goicuocviettel.xyz/wp-content/themes/flatsome-child/fonts/open-sans-v17-cyrillic_vietnamese_latin_greek-300d41d.html]
[goicuocviettel.xyz/wp-content/themes/flatsome-child/fonts/open-sans-v17-cyrillic_vietnamese_latin_greek-301.html]
[goicuocviettel.xyz/wp-content/themes/flatsome-child/fonts/open-sans-v17-cyrillic_vietnamese_latin_greek-302.html]
[goicuocviettel.xyz/wp-content/themes/flatsome-child/fonts/open-sans-v17-cyrillic_vietnamese_latin_greek-303.html]
[goicuocviettel.xyz/wp-content/themes/flatsome-child/fonts/open-sans-v17-cyrillic_vietnamese_latin_greek-304.html]
[goicuocviettel.xyz/wp-content/themes/flatsome-child/fonts/open-sans-v17-cyrillic_vietnamese_latin_greek-300italic.html]
[goicuocviettel.xyz/wp-content/themes/flatsome-child/fonts/open-sans-v17-cyrillic_vietnamese_latin_greek-300italicd41d.html]
[goicuocviettel.xyz/wp-content/themes/flatsome-child/fonts/open-sans-v17-cyrillic_vietnamese_latin_greek-300italic-2.html]
[goicuocviettel.xyz/wp-content/themes/flatsome-child/fonts/open-sans-v17-cyrillic_vietnamese_latin_greek-300italic-3.html]
[goicuocviettel.xyz/wp-content/themes/flatsome-child/fonts/open-sans-v17-cyrillic_vietnamese_latin_greek-300italic-4.html]
[goicuocviettel.xyz/wp-content/themes/flatsome-child/fonts/open-sans-v17-cyrillic_vietnamese_latin_greek-300italic-5.html]
[goicuocviettel.xyz/wp-content/themes/flatsome-child/fonts/open-sans-v17-cyrillic_vietnamese_latin_greek-regular.html]
[goicuocviettel.xyz/wp-content/themes/flatsome-child/fonts/open-sans-v17-cyrillic_vietnamese_latin_greek-regulard41d.html]
[goicuocviettel.xyz/wp-content/themes/flatsome-child/fonts/open-sans-v17-cyrillic_vietnamese_latin_greek-regular-2.html]
[goicuocviettel.xyz/wp-content/themes/flatsome-child/fonts/open-sans-v17-cyrillic_vietnamese_latin_greek-italic.html]
[goicuocviettel.xyz/wp-content/themes/flatsome-child/fonts/open-sans-v17-cyrillic_vietnamese_latin_greek-italicd41d.html]
[goicuocviettel.xyz/wp-content/themes/flatsome-child/fonts/open-sans-v17-cyrillic_vietnamese_latin_greek-italic-2.html]
[goicuocviettel.xyz/wp-content/themes/flatsome-child/fonts/open-sans-v17-cyrillic_vietnamese_latin_greek-italic-3.html]
[goicuocviettel.xyz/wp-content/themes/flatsome-child/fonts/open-sans-v17-cyrillic_vietnamese_latin_greek-italic-4.html]
[goicuocviettel.xyz/wp-content/themes/flatsome-child/fonts/open-sans-v17-cyrillic_vietnamese_latin_greek-italic-5.html]
[goicuocviettel.xyz/wp-content/themes/flatsome-child/fonts/open-sans-v17-cyrillic_vietnamese_latin_greek-600.html]
[goicuocviettel.xyz/wp-content/themes/flatsome-child/fonts/open-sans-v17-cyrillic_vietnamese_latin_greek-600d41d.html]
[goicuocviettel.xyz/wp-content/themes/flatsome-child/fonts/open-sans-v17-cyrillic_vietnamese_latin_greek-601.html]
[goicuocviettel.xyz/wp-content/themes/flatsome-child/fonts/open-sans-v17-cyrillic_vietnamese_latin_greek-602.html]
[goicuocviettel.xyz/wp-content/themes/flatsome-child/fonts/open-sans-v17-cyrillic_vietnamese_latin_greek-603.html]
[goicuocviettel.xyz/wp-content/themes/flatsome-child/fonts/open-sans-v17-cyrillic_vietnamese_latin_greek-604.html]
[goicuocviettel.xyz/wp-content/themes/flatsome-child/fonts/open-sans-v17-cyrillic_vietnamese_latin_greek-600italic.html]
[goicuocviettel.xyz/wp-content/themes/flatsome-child/fonts/open-sans-v17-cyrillic_vietnamese_latin_greek-600italicd41d.html]
[goicuocviettel.xyz/wp-content/themes/flatsome-child/fonts/open-sans-v17-cyrillic_vietnamese_latin_greek-600italic-2.html]
[goicuocviettel.xyz/wp-content/themes/flatsome-child/fonts/open-sans-v17-cyrillic_vietnamese_latin_greek-600italic-3.html]
[goicuocviettel.xyz/wp-content/themes/flatsome-child/fonts/open-sans-v17-cyrillic_vietnamese_latin_greek-600italic-4.html]
[goicuocviettel.xyz/wp-content/themes/flatsome-child/fonts/open-sans-v17-cyrillic_vietnamese_latin_greek-600italic-5.html]
[goicuocviettel.xyz/wp-content/themes/flatsome-child/fonts/open-sans-v17-cyrillic_vietnamese_latin_greek-700italic.html]
[goicuocviettel.xyz/wp-content/themes/flatsome-child/fonts/open-sans-v17-cyrillic_vietnamese_latin_greek-700italicd41d.html]
[goicuocviettel.xyz/wp-content/themes/flatsome-child/fonts/open-sans-v17-cyrillic_vietnamese_latin_greek-700italic-2.html]
[goicuocviettel.xyz/wp-content/themes/flatsome-child/fonts/open-sans-v17-cyrillic_vietnamese_latin_greek-700italic-3.html]
[goicuocviettel.xyz/wp-content/themes/flatsome-child/fonts/open-sans-v17-cyrillic_vietnamese_latin_greek-700italic-4.html]
[goicuocviettel.xyz/wp-content/themes/flatsome-child/fonts/open-sans-v17-cyrillic_vietnamese_latin_greek-700italic-5.html]
[goicuocviettel.xyz/wp-content/themes/flatsome-child/fonts/open-sans-v17-cyrillic_vietnamese_latin_greek-800.html]
[goicuocviettel.xyz/wp-content/themes/flatsome-child/fonts/open-sans-v17-cyrillic_vietnamese_latin_greek-800d41d.html]
[goicuocviettel.xyz/wp-content/themes/flatsome-child/fonts/open-sans-v17-cyrillic_vietnamese_latin_greek-801.html]
[goicuocviettel.xyz/wp-content/themes/flatsome-child/fonts/open-sans-v17-cyrillic_vietnamese_latin_greek-802.html]
[goicuocviettel.xyz/wp-content/themes/flatsome-child/fonts/open-sans-v17-cyrillic_vietnamese_latin_greek-700.html]
[goicuocviettel.xyz/wp-content/themes/flatsome-child/fonts/open-sans-v17-cyrillic_vietnamese_latin_greek-700d41d.html]
[goicuocviettel.xyz/wp-content/themes/flatsome-child/fonts/open-sans-v17-cyrillic_vietnamese_latin_greek-701.html]
[goicuocviettel.xyz/wp-content/themes/flatsome-child/fonts/open-sans-v17-cyrillic_vietnamese_latin_greek-702.html]
[goicuocviettel.xyz/wp-content/themes/flatsome-child/fonts/open-sans-v17-cyrillic_vietnamese_latin_greek-800italic.html]
[goicuocviettel.xyz/wp-content/themes/flatsome-child/fonts/open-sans-v17-cyrillic_vietnamese_latin_greek-800italicd41d.html]
[goicuocviettel.xyz/wp-content/themes/flatsome-child/fonts/open-sans-v17-cyrillic_vietnamese_latin_greek-800italic-2.html]
[goicuocviettel.xyz/wp-content/themes/flatsome-child/fonts/open-sans-v17-cyrillic_vietnamese_latin_greek-800italic-3.html]
[goicuocviettel.xyz/wp-content/themes/flatsome-child/fonts/open-sans-v17-cyrillic_vietnamese_latin_greek-800italic-4.html]
[goicuocviettel.xyz/wp-content/themes/flatsome-child/fonts/open-sans-v17-cyrillic_vietnamese_latin_greek-800italic-5.html]
[goicuocviettel.xyz/wp-content/themes/flatsome-child/font-awesome/fonts/fontawesome-webfont3e6e.html]
[goicuocviettel.xyz/wp-content/themes/flatsome-child/font-awesome/fonts/fontawesome-webfontd41d.html]
[goicuocviettel.xyz/wp-content/themes/flatsome-child/font-awesome/fonts/fontawesome-webfont3e6e-2.html]
[goicuocviettel.xyz/wp-content/themes/flatsome-child/font-awesome/fonts/fontawesome-webfont3e6e-3.html]
[goicuocviettel.xyz/wp-includes/fonts/dashicons7d4b.html]
[goicuocviettel.xyz/wp-includes/fonts/dashicons7d4b-2.html]
[goicuocviettel.xyz/wp-json/wp/v2/posts/1646.html]
[goicuocviettel.xyz/index2648.html]
[goicuocviettel.xyz/wp-json/oembed/1.0/embed5b4f.html]
[goicuocviettel.xyz/wp-json/oembed/1.0/embede9fa.html]
[goicuocviettel.xyz/wp-json/wp/v2/categories/1]
[goicuocviettel.xyz/chuyen-muc/goi-cuoc/feed/index.html]
[goicuocviettel.xyz/wp-admin/customizeedd1.php]
[goicuocviettel.xyz/chuyen-muc/goi-cuoc/index.html]
[goicuocviettel.xyz/wp-json/wp/v2/users/1]
[goicuocviettel.xyz/author/admin/index.html]
[goicuocviettel.xyz/wp-content/uploads/2024/11/dang-ky-sd135-viettel.html]
[goicuocviettel.xyz/author/admin/feed/index.html]
[goicuocviettel.xyz/wp-json/wp/v2/posts/1594]
[goicuocviettel.xyz/wp-json/oembed/1.0/embed977c]
[goicuocviettel.xyz/wp-json/oembed/1.0/embedd56e]
[goicuocviettel.xyz/goi-cuoc-4g-5g-viettel/index.html]
[goicuocviettel.xyz/wp-admin/customize1ef3.html]
[goicuocviettel.xyz/wp-json/wp/v2/posts/1649.html]
[goicuocviettel.xyz/index12a6.html]
[goicuocviettel.xyz/wp-json/oembed/1.0/embed0b08.html]
[goicuocviettel.xyz/wp-json/oembed/1.0/embedd4d6.html]
[goicuocviettel.xyz/wp-content/uploads/2024/11/goi-cuoc-5g150-viettel-dy.html]
[goicuocviettel.xyz/wp-admin/customize8954.html]
[goicuocviettel.xyz/wp-json/wp/v2/posts/1652.html]
[goicuocviettel.xyz/index0d40.html]
[goicuocviettel.xyz/wp-json/oembed/1.0/embed379c.html]
[goicuocviettel.xyz/wp-json/oembed/1.0/embedf70b.html]
[goicuocviettel.xyz/wp-admin/customizea020.html]
[goicuocviettel.xyz/wp-includes/css/dashicons.min109c.html]
[goicuocviettel.xyz/wp-includes/css/buttons.min109c.html]
[goicuocviettel.xyz/wp-admin/css/forms.min109c.html]
[goicuocviettel.xyz/wp-admin/css/l10n.min109c.html]
[goicuocviettel.xyz/wp-admin/css/login.min109c.html]
[goicuocviettel.xyz/wp-includes/js/jquery/jquery.minf43b.html]
[goicuocviettel.xyz/wp-includes/js/jquery/jquery-migrate.min5589.html]
[goicuocviettel.xyz/wp-includes/js/zxcvbn-async.min5152.html]
[goicuocviettel.xyz/wp-includes/js/dist/hooks.min2757.html]
[goicuocviettel.xyz/wp-includes/js/dist/i18n.minc33c.html]
[goicuocviettel.xyz/wp-admin/js/password-strength-meter.min109c.html]
[goicuocviettel.xyz/wp-includes/js/underscore.mind584.html]
[goicuocviettel.xyz/wp-includes/js/wp-util.min109c.html]
[goicuocviettel.xyz/wp-admin/js/user-profile.min109c.html]
[goicuocviettel.xyz/wp-json/wp/v2/categories/1.html]
[goicuocviettel.xyz/wp-admin/customizeedd1.html]
[goicuocviettel.xyz/wp-json/wp/v2/users/1.html]
[goicuocviettel.xyz/wp-json/wp/v2/posts/1594.html]
[goicuocviettel.xyz/indexba06.html]
[goicuocviettel.xyz/indexba06.html]
[goicuocviettel.xyz/wp-json/oembed/1.0/embed977c.html]
[goicuocviettel.xyz/wp-json/oembed/1.0/embedd56e.html]
